+ cd /Volumes/MyProjets/Siteblog/backend
+ HOST=127.0.0.1
+ PORT=3001
+ npm run dev

> autistudy-backend@1.0.0 dev
> nodemon index.js

[33m[nodemon] 3.1.10[39m
[33m[nodemon] to restart at any time, enter `rs`[39m
[33m[nodemon] watching path(s): *.*[39m
[33m[nodemon] watching extensions: js,mjs,cjs,json[39m
[32m[nodemon] starting `node index.js`[39m
📁 Multer configuré avec diskStorage pour stockage local
📌 User.routes.js chargé
🔍 Contrôleurs disponibles: [
  'generateAccessToken',
  'generateRefreshToken',
  'signup',
  'login',
  'googleLogin',
  'getUsers',
  'deleteUser',
  'makeAdmin',
  'updateUser',
  'uploadAvatar',
  'getCurrentUser',
  'getUserById',
  'refreshToken',
  'forgotPassword',
  'resetPassword'
]
🔍 Chargement des variables d'environnement...
✅ JWT_SECRET: Chargé ✅
✅ STRIPE_SECRET_KEY: Chargé ✅
✅ DB: Chargé ✅
✅ Serveur en écoute sur http://127.0.0.1:3001
✅ Connecté à MongoDB
[31m[nodemon] app crashed - waiting for file changes before starting...[39m
[32m[nodemon] restarting child process[39m
[32m[nodemon] starting `node index.js`[39m
📁 Multer configuré avec diskStorage pour stockage local
📌 User.routes.js chargé
🔍 Contrôleurs disponibles: [
  'generateAccessToken',
  'generateRefreshToken',
  'signup',
  'login',
  'googleLogin',
  'getUsers',
  'deleteUser',
  'makeAdmin',
  'updateUser',
  'uploadAvatar',
  'getCurrentUser',
  'getUserById',
  'refreshToken',
  'forgotPassword',
  'resetPassword'
]
🔍 Chargement des variables d'environnement...
✅ JWT_SECRET: Chargé ✅
✅ STRIPE_SECRET_KEY: Chargé ✅
✅ DB: Chargé ✅
✅ Serveur en écoute sur http://127.0.0.1:3001
✅ Connecté à MongoDB
